Archive member included because of file (symbol)

/usr/lib/gcc/avr/4.8.2/avr6/libgcc.a(_exit.o)
                              /usr/lib/gcc/avr/4.8.2/../../../avr/lib/avr6/crtm2560.o (exit)
/usr/lib/gcc/avr/4.8.2/avr6/libgcc.a(_copy_data.o)
                              ./src/core.o (__do_copy_data)
/usr/lib/gcc/avr/4.8.2/avr6/libgcc.a(_clear_bss.o)
                              ./src/core.o (__do_clear_bss)

Discarded input sections

 .bss           0x0000000000000000        0x0 /usr/lib/gcc/avr/4.8.2/../../../avr/lib/avr6/crtm2560.o
 .bss           0x0000000000000000        0x0 ./src/crc16.o
 .text          0x0000000000000000        0x0 ./src/main.o
 .bss           0x0000000000000000        0x0 ./src/main.o
 .bss           0x0000000000000000        0x0 ./src/timer0.o
 .bss           0x0000000000000000        0x0 ./src/timer1.o
 .text          0x0000000000000000        0x0 /usr/lib/gcc/avr/4.8.2/avr6/libgcc.a(_exit.o)
 .bss           0x0000000000000000        0x0 /usr/lib/gcc/avr/4.8.2/avr6/libgcc.a(_exit.o)
 .text.libgcc.mul
                0x0000000000000000        0x0 /usr/lib/gcc/avr/4.8.2/avr6/libgcc.a(_exit.o)
 .text.libgcc.div
                0x0000000000000000        0x0 /usr/lib/gcc/avr/4.8.2/avr6/libgcc.a(_exit.o)
 .text.libgcc   0x0000000000000000        0x0 /usr/lib/gcc/avr/4.8.2/avr6/libgcc.a(_exit.o)
 .text.libgcc.prologue
                0x0000000000000000        0x0 /usr/lib/gcc/avr/4.8.2/avr6/libgcc.a(_exit.o)
 .text.libgcc.builtins
                0x0000000000000000        0x0 /usr/lib/gcc/avr/4.8.2/avr6/libgcc.a(_exit.o)
 .text.libgcc.fmul
                0x0000000000000000        0x0 /usr/lib/gcc/avr/4.8.2/avr6/libgcc.a(_exit.o)
 .text.libgcc.fixed
                0x0000000000000000        0x0 /usr/lib/gcc/avr/4.8.2/avr6/libgcc.a(_exit.o)
 .text          0x0000000000000000        0x0 /usr/lib/gcc/avr/4.8.2/avr6/libgcc.a(_copy_data.o)
 .bss           0x0000000000000000        0x0 /usr/lib/gcc/avr/4.8.2/avr6/libgcc.a(_copy_data.o)
 .text.libgcc.mul
                0x0000000000000000        0x0 /usr/lib/gcc/avr/4.8.2/avr6/libgcc.a(_copy_data.o)
 .text.libgcc.div
                0x0000000000000000        0x0 /usr/lib/gcc/avr/4.8.2/avr6/libgcc.a(_copy_data.o)
 .text.libgcc   0x0000000000000000        0x0 /usr/lib/gcc/avr/4.8.2/avr6/libgcc.a(_copy_data.o)
 .text.libgcc.prologue
                0x0000000000000000        0x0 /usr/lib/gcc/avr/4.8.2/avr6/libgcc.a(_copy_data.o)
 .text.libgcc.builtins
                0x0000000000000000        0x0 /usr/lib/gcc/avr/4.8.2/avr6/libgcc.a(_copy_data.o)
 .text.libgcc.fmul
                0x0000000000000000        0x0 /usr/lib/gcc/avr/4.8.2/avr6/libgcc.a(_copy_data.o)
 .text.libgcc.fixed
                0x0000000000000000        0x0 /usr/lib/gcc/avr/4.8.2/avr6/libgcc.a(_copy_data.o)
 .text          0x0000000000000000        0x0 /usr/lib/gcc/avr/4.8.2/avr6/libgcc.a(_clear_bss.o)
 .bss           0x0000000000000000        0x0 /usr/lib/gcc/avr/4.8.2/avr6/libgcc.a(_clear_bss.o)
 .text.libgcc.mul
                0x0000000000000000        0x0 /usr/lib/gcc/avr/4.8.2/avr6/libgcc.a(_clear_bss.o)
 .text.libgcc.div
                0x0000000000000000        0x0 /usr/lib/gcc/avr/4.8.2/avr6/libgcc.a(_clear_bss.o)
 .text.libgcc   0x0000000000000000        0x0 /usr/lib/gcc/avr/4.8.2/avr6/libgcc.a(_clear_bss.o)
 .text.libgcc.prologue
                0x0000000000000000        0x0 /usr/lib/gcc/avr/4.8.2/avr6/libgcc.a(_clear_bss.o)
 .text.libgcc.builtins
                0x0000000000000000        0x0 /usr/lib/gcc/avr/4.8.2/avr6/libgcc.a(_clear_bss.o)
 .text.libgcc.fmul
                0x0000000000000000        0x0 /usr/lib/gcc/avr/4.8.2/avr6/libgcc.a(_clear_bss.o)
 .text.libgcc.fixed
                0x0000000000000000        0x0 /usr/lib/gcc/avr/4.8.2/avr6/libgcc.a(_clear_bss.o)

Memory Configuration

Name             Origin             Length             Attributes
text             0x0000000000000000 0x0000000000100000 xr
data             0x0000000000800200 0x000000000000fe00 rw !x
eeprom           0x0000000000810000 0x0000000000010000 rw !x
fuse             0x0000000000820000 0x0000000000000400 rw !x
lock             0x0000000000830000 0x0000000000000400 rw !x
signature        0x0000000000840000 0x0000000000000400 rw !x
user_signatures  0x0000000000850000 0x0000000000000400 rw !x
*default*        0x0000000000000000 0xffffffffffffffff

Linker script and memory map

Address of section .data set to 0x800200
LOAD /usr/lib/gcc/avr/4.8.2/../../../avr/lib/avr6/crtm2560.o
LOAD ./src/core.o
LOAD ./src/crc16.o
LOAD ./src/main.o
LOAD ./src/ptracker.o
LOAD ./src/timer0.o
LOAD ./src/timer1.o
LOAD ./src/usart0.o
LOAD /usr/lib/gcc/avr/4.8.2/avr6/libgcc.a
LOAD /usr/lib/gcc/avr/4.8.2/../../../avr/lib/avr6/libm.a
START GROUP
LOAD /usr/lib/gcc/avr/4.8.2/avr6/libgcc.a
LOAD /usr/lib/gcc/avr/4.8.2/../../../avr/lib/avr6/libm.a
LOAD /usr/lib/gcc/avr/4.8.2/../../../avr/lib/avr6/libc.a
END GROUP

.hash
 *(.hash)

.dynsym
 *(.dynsym)

.dynstr
 *(.dynstr)

.gnu.version
 *(.gnu.version)

.gnu.version_d
 *(.gnu.version_d)

.gnu.version_r
 *(.gnu.version_r)

.rel.init
 *(.rel.init)

.rela.init
 *(.rela.init)

.rel.text
 *(.rel.text)
 *(.rel.text.*)
 *(.rel.gnu.linkonce.t*)

.rela.text
 *(.rela.text)
 *(.rela.text.*)
 *(.rela.gnu.linkonce.t*)

.rel.fini
 *(.rel.fini)

.rela.fini
 *(.rela.fini)

.rel.rodata
 *(.rel.rodata)
 *(.rel.rodata.*)
 *(.rel.gnu.linkonce.r*)

.rela.rodata
 *(.rela.rodata)
 *(.rela.rodata.*)
 *(.rela.gnu.linkonce.r*)

.rel.data
 *(.rel.data)
 *(.rel.data.*)
 *(.rel.gnu.linkonce.d*)

.rela.data
 *(.rela.data)
 *(.rela.data.*)
 *(.rela.gnu.linkonce.d*)

.rel.ctors
 *(.rel.ctors)

.rela.ctors
 *(.rela.ctors)

.rel.dtors
 *(.rel.dtors)

.rela.dtors
 *(.rela.dtors)

.rel.got
 *(.rel.got)

.rela.got
 *(.rela.got)

.rel.bss
 *(.rel.bss)

.rela.bss
 *(.rela.bss)

.rel.plt
 *(.rel.plt)

.rela.plt
 *(.rela.plt)

.text           0x0000000000000000      0x816
 *(.vectors)
 .vectors       0x0000000000000000       0xe4 /usr/lib/gcc/avr/4.8.2/../../../avr/lib/avr6/crtm2560.o
                0x0000000000000000                __vectors
                0x0000000000000000                __vector_default
 *(.vectors)
 *(.progmem.gcc*)
 *(.progmem*)
 .progmem.data  0x00000000000000e4      0x200 ./src/crc16.o
                0x00000000000002e4                . = ALIGN (0x2)
                0x00000000000002e4                __trampolines_start = .
 *(.trampolines)
 .trampolines   0x00000000000002e4        0x0 linker stubs
 *(.trampolines*)
                0x00000000000002e4                __trampolines_end = .
 *(.jumptables)
 *(.jumptables*)
 *(.lowtext)
 *(.lowtext*)
                0x00000000000002e4                __ctors_start = .
 *(.ctors)
                0x00000000000002e4                __ctors_end = .
                0x00000000000002e4                __dtors_start = .
 *(.dtors)
                0x00000000000002e4                __dtors_end = .
 SORT(*)(.ctors)
 SORT(*)(.dtors)
 *(.init0)
 .init0         0x00000000000002e4        0x0 /usr/lib/gcc/avr/4.8.2/../../../avr/lib/avr6/crtm2560.o
                0x00000000000002e4                __init
 *(.init0)
 *(.init1)
 *(.init1)
 *(.init2)
 .init2         0x00000000000002e4       0x10 /usr/lib/gcc/avr/4.8.2/../../../avr/lib/avr6/crtm2560.o
 *(.init2)
 *(.init3)
 *(.init3)
 *(.init4)
 .init4         0x00000000000002f4       0x1a /usr/lib/gcc/avr/4.8.2/avr6/libgcc.a(_copy_data.o)
                0x00000000000002f4                __do_copy_data
 .init4         0x000000000000030e       0x10 /usr/lib/gcc/avr/4.8.2/avr6/libgcc.a(_clear_bss.o)
                0x000000000000030e                __do_clear_bss
 *(.init4)
 *(.init5)
 *(.init5)
 *(.init6)
 *(.init6)
 *(.init7)
 *(.init7)
 *(.init8)
 *(.init8)
 *(.init9)
 .init9         0x000000000000031e        0x4 /usr/lib/gcc/avr/4.8.2/../../../avr/lib/avr6/crtm2560.o
 *(.init9)
 *(.text)
 .text          0x0000000000000322        0x2 /usr/lib/gcc/avr/4.8.2/../../../avr/lib/avr6/crtm2560.o
                0x0000000000000322                __vector_38
                0x0000000000000322                __vector_22
                0x0000000000000322                __vector_28
                0x0000000000000322                __vector_32
                0x0000000000000322                __vector_34
                0x0000000000000322                __vector_24
                0x0000000000000322                __vector_12
                0x0000000000000322                __vector_55
                0x0000000000000322                __vector_46
                0x0000000000000322                __bad_interrupt
                0x0000000000000322                __vector_6
                0x0000000000000322                __vector_31
                0x0000000000000322                __vector_35
                0x0000000000000322                __vector_39
                0x0000000000000322                __vector_3
                0x0000000000000322                __vector_23
                0x0000000000000322                __vector_30
                0x0000000000000322                __vector_45
                0x0000000000000322                __vector_11
                0x0000000000000322                __vector_54
                0x0000000000000322                __vector_13
                0x0000000000000322                __vector_17
                0x0000000000000322                __vector_19
                0x0000000000000322                __vector_56
                0x0000000000000322                __vector_7
                0x0000000000000322                __vector_49
                0x0000000000000322                __vector_41
                0x0000000000000322                __vector_43
                0x0000000000000322                __vector_27
                0x0000000000000322                __vector_5
                0x0000000000000322                __vector_33
                0x0000000000000322                __vector_47
                0x0000000000000322                __vector_52
                0x0000000000000322                __vector_37
                0x0000000000000322                __vector_4
                0x0000000000000322                __vector_44
                0x0000000000000322                __vector_51
                0x0000000000000322                __vector_9
                0x0000000000000322                __vector_2
                0x0000000000000322                __vector_15
                0x0000000000000322                __vector_36
                0x0000000000000322                __vector_29
                0x0000000000000322                __vector_40
                0x0000000000000322                __vector_8
                0x0000000000000322                __vector_48
                0x0000000000000322                __vector_14
                0x0000000000000322                __vector_53
                0x0000000000000322                __vector_10
                0x0000000000000322                __vector_50
                0x0000000000000322                __vector_16
                0x0000000000000322                __vector_18
                0x0000000000000322                __vector_42
 .text          0x0000000000000324      0x144 ./src/core.o
                0x0000000000000324                _ZN4Core8initCoreEv
                0x000000000000034e                _ZN4Core14verifySettingsEv
                0x0000000000000398                _ZN4Core8loopCoreEv
 .text          0x0000000000000468       0x7a ./src/crc16.o
                0x0000000000000468                _Z10checkCrc16PKhj
 .text          0x00000000000004e2       0x98 ./src/ptracker.o
                0x00000000000004e2                _ZN8Ptracker11initTrackerEv
                0x00000000000004f2                _ZN8Ptracker7setZeroEv
                0x0000000000000500                _ZN8Ptracker6getPosEv
                0x000000000000050e                __vector_1
 .text          0x000000000000057a       0x44 ./src/timer0.o
                0x000000000000057a                _ZN6Timer09initTimerEv
                0x0000000000000590                __vector_21
 .text          0x00000000000005be       0x94 ./src/timer1.o
                0x00000000000005be                _ZN6Timer19initTimerEv
                0x00000000000005ea                _ZN6Timer116setPulseDurationEi
                0x00000000000005f4                _ZN6Timer15pulseEv
                0x0000000000000616                __vector_20
 .text          0x0000000000000652      0x1b2 ./src/usart0.o
                0x0000000000000652                _ZN6Usart09initUsartEv
                0x0000000000000692                _ZN6Usart09availableEv
                0x00000000000006a4                _ZN6Usart04peekEv
                0x00000000000006ba                _ZN6Usart04readEv
                0x00000000000006d8                _ZN6Usart09readBytesEPhj
                0x0000000000000724                _ZN6Usart05writeEPKhh
                0x0000000000000748                _ZN6Usart08isTxBusyEv
                0x0000000000000756                __vector_25
                0x0000000000000798                __vector_26
                0x00000000000007fc                _ZN6Usart012disableUsartEv
                0x0000000000000804                . = ALIGN (0x2)
 *(.text.*)
 .text.startup  0x0000000000000804        0xe ./src/main.o
                0x0000000000000804                main
                0x0000000000000812                . = ALIGN (0x2)
 *(.fini9)
 .fini9         0x0000000000000812        0x0 /usr/lib/gcc/avr/4.8.2/avr6/libgcc.a(_exit.o)
                0x0000000000000812                exit
                0x0000000000000812                _exit
 *(.fini9)
 *(.fini8)
 *(.fini8)
 *(.fini7)
 *(.fini7)
 *(.fini6)
 *(.fini6)
 *(.fini5)
 *(.fini5)
 *(.fini4)
 *(.fini4)
 *(.fini3)
 *(.fini3)
 *(.fini2)
 *(.fini2)
 *(.fini1)
 *(.fini1)
 *(.fini0)
 .fini0         0x0000000000000812        0x4 /usr/lib/gcc/avr/4.8.2/avr6/libgcc.a(_exit.o)
 *(.fini0)
                0x0000000000000816                _etext = .

.data           0x0000000000800200        0x8 load address 0x0000000000000816
                0x0000000000800200                PROVIDE (__data_start, .)
 *(.data)
 .data          0x0000000000800200        0x0 /usr/lib/gcc/avr/4.8.2/../../../avr/lib/avr6/crtm2560.o
 .data          0x0000000000800200        0x0 ./src/core.o
 .data          0x0000000000800200        0x0 ./src/crc16.o
 .data          0x0000000000800200        0x0 ./src/main.o
 .data          0x0000000000800200        0x0 ./src/ptracker.o
 .data          0x0000000000800200        0x0 ./src/timer0.o
 .data          0x0000000000800200        0x0 ./src/timer1.o
 .data          0x0000000000800200        0x0 ./src/usart0.o
 .data          0x0000000000800200        0x0 /usr/lib/gcc/avr/4.8.2/avr6/libgcc.a(_exit.o)
 .data          0x0000000000800200        0x0 /usr/lib/gcc/avr/4.8.2/avr6/libgcc.a(_copy_data.o)
 .data          0x0000000000800200        0x0 /usr/lib/gcc/avr/4.8.2/avr6/libgcc.a(_clear_bss.o)
 *(.data*)
 *(.rodata)
 .rodata        0x0000000000800200        0x8 ./src/core.o
 *(.rodata*)
 *(.gnu.linkonce.d*)
                0x0000000000800208                . = ALIGN (0x2)
                0x0000000000800208                _edata = .
                0x0000000000800208                PROVIDE (__data_end, .)

.bss            0x0000000000800208     0x10bc
                0x0000000000800208                PROVIDE (__bss_start, .)
 *(.bss)
 .bss           0x0000000000800208      0xfb3 ./src/core.o
                0x0000000000800208                _ZN4Core8settingsE
                0x0000000000800213                _ZN4Core9isEnabledE
                0x0000000000800214                _ZN4Core5wBuffE
                0x0000000000800216                _ZN4Core6rxBuffE
                0x0000000000800218                _ZN4Core8dataSizeE
                0x000000000080021a                _ZN4Core6bufferE
                0x00000000008011ba                _ZN4Core17defaultLaserStateE
 .bss           0x00000000008011bb        0x3 ./src/ptracker.o
 .bss           0x00000000008011be      0x106 ./src/usart0.o
                0x00000000008011be                _ZN6Usart05timerE
                0x00000000008011bf                _ZN6Usart05rdIdxE
                0x00000000008011c0                _ZN6Usart011txBytesLeftE
                0x00000000008011c1                _ZN6Usart05txPtrE
                0x00000000008011c3                _ZN6Usart06rxBuffE
                0x00000000008012c3                _ZN6Usart05rxIdxE
 *(.bss*)
 *(COMMON)
                0x00000000008012c4                PROVIDE (__bss_end, .)
                0x0000000000000816                __data_load_start = LOADADDR (.data)
                0x000000000000081e                __data_load_end = (__data_load_start + SIZEOF (.data))

.noinit         0x00000000008012c4        0x0
                0x00000000008012c4                PROVIDE (__noinit_start, .)
 *(.noinit*)
                0x00000000008012c4                PROVIDE (__noinit_end, .)
                0x00000000008012c4                _end = .
                0x00000000008012c4                PROVIDE (__heap_start, .)

.eeprom         0x0000000000810000        0x0
 *(.eeprom*)
                0x0000000000810000                __eeprom_end = .

.fuse
 *(.fuse)
 *(.lfuse)
 *(.hfuse)
 *(.efuse)

.lock
 *(.lock*)

.signature
 *(.signature*)

.user_signatures
 *(.user_signatures*)

.stab           0x0000000000000000      0x6e4
 *(.stab)
 .stab          0x0000000000000000      0x6e4 /usr/lib/gcc/avr/4.8.2/../../../avr/lib/avr6/crtm2560.o

.stabstr        0x0000000000000000       0x54
 *(.stabstr)
 .stabstr       0x0000000000000000       0x54 /usr/lib/gcc/avr/4.8.2/../../../avr/lib/avr6/crtm2560.o

.stab.excl
 *(.stab.excl)

.stab.exclstr
 *(.stab.exclstr)

.stab.index
 *(.stab.index)

.stab.indexstr
 *(.stab.indexstr)

.comment        0x0000000000000000       0x11
 *(.comment)
 .comment       0x0000000000000000       0x11 ./src/core.o
                                         0x12 (size before relaxing)
 .comment       0x0000000000000000       0x12 ./src/crc16.o
 .comment       0x0000000000000000       0x12 ./src/main.o
 .comment       0x0000000000000000       0x12 ./src/ptracker.o
 .comment       0x0000000000000000       0x12 ./src/timer0.o
 .comment       0x0000000000000000       0x12 ./src/timer1.o
 .comment       0x0000000000000000       0x12 ./src/usart0.o

.debug
 *(.debug)

.line
 *(.line)

.debug_srcinfo
 *(.debug_srcinfo)

.debug_sfnames
 *(.debug_sfnames)

.debug_aranges
 *(.debug_aranges)

.debug_pubnames
 *(.debug_pubnames)

.debug_info
 *(.debug_info)
 *(.gnu.linkonce.wi.*)

.debug_abbrev
 *(.debug_abbrev)

.debug_line
 *(.debug_line)

.debug_frame
 *(.debug_frame)

.debug_str
 *(.debug_str)

.debug_loc
 *(.debug_loc)

.debug_macinfo
 *(.debug_macinfo)

.debug_pubtypes
 *(.debug_pubtypes)

.debug_ranges
 *(.debug_ranges)

.debug_macro
 *(.debug_macro)
OUTPUT(RastroFW.elf elf32-avr)
LOAD linker stubs

Cross Reference Table

Symbol                                            File
Core::buffer                                      ./src/core.o
Core::dataSize                                    ./src/core.o
Core::defaultLaserState                           ./src/core.o
Core::initCore()                                  ./src/core.o
                                                  ./src/main.o
Core::isEnabled                                   ./src/core.o
Core::loopCore()                                  ./src/core.o
                                                  ./src/main.o
Core::rxBuff                                      ./src/core.o
Core::settings                                    ./src/core.o
Core::verifySettings()                            ./src/core.o
Core::wBuff                                       ./src/core.o
Ptracker::getPos()                                ./src/ptracker.o
Ptracker::initTracker()                           ./src/ptracker.o
Ptracker::setZero()                               ./src/ptracker.o
Timer0::initTimer()                               ./src/timer0.o
                                                  ./src/main.o
Timer1::initTimer()                               ./src/timer1.o
Timer1::pulse()                                   ./src/timer1.o
Timer1::setPulseDuration(int)                     ./src/timer1.o
Usart0::available()                               ./src/usart0.o
                                                  ./src/core.o
Usart0::disableUsart()                            ./src/usart0.o
Usart0::initUsart()                               ./src/usart0.o
                                                  ./src/main.o
Usart0::isTxBusy()                                ./src/usart0.o
Usart0::peek()                                    ./src/usart0.o
                                                  ./src/core.o
Usart0::rdIdx                                     ./src/usart0.o
Usart0::read()                                    ./src/usart0.o
                                                  ./src/core.o
Usart0::readBytes(unsigned char*, unsigned int)   ./src/usart0.o
                                                  ./src/core.o
Usart0::rxBuff                                    ./src/usart0.o
Usart0::rxIdx                                     ./src/usart0.o
Usart0::timer                                     ./src/usart0.o
                                                  ./src/timer0.o
Usart0::txBytesLeft                               ./src/usart0.o
Usart0::txPtr                                     ./src/usart0.o
Usart0::write(unsigned char const*, unsigned char) ./src/usart0.o
                                                  ./src/core.o
__bad_interrupt                                   /usr/lib/gcc/avr/4.8.2/../../../avr/lib/avr6/crtm2560.o
__bss_end                                         /usr/lib/gcc/avr/4.8.2/avr6/libgcc.a(_clear_bss.o)
__bss_start                                       /usr/lib/gcc/avr/4.8.2/avr6/libgcc.a(_clear_bss.o)
__data_end                                        /usr/lib/gcc/avr/4.8.2/avr6/libgcc.a(_copy_data.o)
__data_load_start                                 /usr/lib/gcc/avr/4.8.2/avr6/libgcc.a(_copy_data.o)
__data_start                                      /usr/lib/gcc/avr/4.8.2/avr6/libgcc.a(_copy_data.o)
__do_clear_bss                                    /usr/lib/gcc/avr/4.8.2/avr6/libgcc.a(_clear_bss.o)
                                                  ./src/usart0.o
                                                  ./src/ptracker.o
                                                  ./src/core.o
__do_copy_data                                    /usr/lib/gcc/avr/4.8.2/avr6/libgcc.a(_copy_data.o)
                                                  ./src/core.o
__heap_end                                        /usr/lib/gcc/avr/4.8.2/../../../avr/lib/avr6/crtm2560.o
__init                                            /usr/lib/gcc/avr/4.8.2/../../../avr/lib/avr6/crtm2560.o
__stack                                           /usr/lib/gcc/avr/4.8.2/../../../avr/lib/avr6/crtm2560.o
__vector_1                                        ./src/ptracker.o
                                                  /usr/lib/gcc/avr/4.8.2/../../../avr/lib/avr6/crtm2560.o
__vector_10                                       /usr/lib/gcc/avr/4.8.2/../../../avr/lib/avr6/crtm2560.o
__vector_11                                       /usr/lib/gcc/avr/4.8.2/../../../avr/lib/avr6/crtm2560.o
__vector_12                                       /usr/lib/gcc/avr/4.8.2/../../../avr/lib/avr6/crtm2560.o
__vector_13                                       /usr/lib/gcc/avr/4.8.2/../../../avr/lib/avr6/crtm2560.o
__vector_14                                       /usr/lib/gcc/avr/4.8.2/../../../avr/lib/avr6/crtm2560.o
__vector_15                                       /usr/lib/gcc/avr/4.8.2/../../../avr/lib/avr6/crtm2560.o
__vector_16                                       /usr/lib/gcc/avr/4.8.2/../../../avr/lib/avr6/crtm2560.o
__vector_17                                       /usr/lib/gcc/avr/4.8.2/../../../avr/lib/avr6/crtm2560.o
__vector_18                                       /usr/lib/gcc/avr/4.8.2/../../../avr/lib/avr6/crtm2560.o
__vector_19                                       /usr/lib/gcc/avr/4.8.2/../../../avr/lib/avr6/crtm2560.o
__vector_2                                        /usr/lib/gcc/avr/4.8.2/../../../avr/lib/avr6/crtm2560.o
__vector_20                                       ./src/timer1.o
                                                  /usr/lib/gcc/avr/4.8.2/../../../avr/lib/avr6/crtm2560.o
__vector_21                                       ./src/timer0.o
                                                  /usr/lib/gcc/avr/4.8.2/../../../avr/lib/avr6/crtm2560.o
__vector_22                                       /usr/lib/gcc/avr/4.8.2/../../../avr/lib/avr6/crtm2560.o
__vector_23                                       /usr/lib/gcc/avr/4.8.2/../../../avr/lib/avr6/crtm2560.o
__vector_24                                       /usr/lib/gcc/avr/4.8.2/../../../avr/lib/avr6/crtm2560.o
__vector_25                                       ./src/usart0.o
                                                  /usr/lib/gcc/avr/4.8.2/../../../avr/lib/avr6/crtm2560.o
__vector_26                                       ./src/usart0.o
                                                  /usr/lib/gcc/avr/4.8.2/../../../avr/lib/avr6/crtm2560.o
__vector_27                                       /usr/lib/gcc/avr/4.8.2/../../../avr/lib/avr6/crtm2560.o
__vector_28                                       /usr/lib/gcc/avr/4.8.2/../../../avr/lib/avr6/crtm2560.o
__vector_29                                       /usr/lib/gcc/avr/4.8.2/../../../avr/lib/avr6/crtm2560.o
__vector_3                                        /usr/lib/gcc/avr/4.8.2/../../../avr/lib/avr6/crtm2560.o
__vector_30                                       /usr/lib/gcc/avr/4.8.2/../../../avr/lib/avr6/crtm2560.o
__vector_31                                       /usr/lib/gcc/avr/4.8.2/../../../avr/lib/avr6/crtm2560.o
__vector_32                                       /usr/lib/gcc/avr/4.8.2/../../../avr/lib/avr6/crtm2560.o
__vector_33                                       /usr/lib/gcc/avr/4.8.2/../../../avr/lib/avr6/crtm2560.o
__vector_34                                       /usr/lib/gcc/avr/4.8.2/../../../avr/lib/avr6/crtm2560.o
__vector_35                                       /usr/lib/gcc/avr/4.8.2/../../../avr/lib/avr6/crtm2560.o
__vector_36                                       /usr/lib/gcc/avr/4.8.2/../../../avr/lib/avr6/crtm2560.o
__vector_37                                       /usr/lib/gcc/avr/4.8.2/../../../avr/lib/avr6/crtm2560.o
__vector_38                                       /usr/lib/gcc/avr/4.8.2/../../../avr/lib/avr6/crtm2560.o
__vector_39                                       /usr/lib/gcc/avr/4.8.2/../../../avr/lib/avr6/crtm2560.o
__vector_4                                        /usr/lib/gcc/avr/4.8.2/../../../avr/lib/avr6/crtm2560.o
__vector_40                                       /usr/lib/gcc/avr/4.8.2/../../../avr/lib/avr6/crtm2560.o
__vector_41                                       /usr/lib/gcc/avr/4.8.2/../../../avr/lib/avr6/crtm2560.o
__vector_42                                       /usr/lib/gcc/avr/4.8.2/../../../avr/lib/avr6/crtm2560.o
__vector_43                                       /usr/lib/gcc/avr/4.8.2/../../../avr/lib/avr6/crtm2560.o
__vector_44                                       /usr/lib/gcc/avr/4.8.2/../../../avr/lib/avr6/crtm2560.o
__vector_45                                       /usr/lib/gcc/avr/4.8.2/../../../avr/lib/avr6/crtm2560.o
__vector_46                                       /usr/lib/gcc/avr/4.8.2/../../../avr/lib/avr6/crtm2560.o
__vector_47                                       /usr/lib/gcc/avr/4.8.2/../../../avr/lib/avr6/crtm2560.o
__vector_48                                       /usr/lib/gcc/avr/4.8.2/../../../avr/lib/avr6/crtm2560.o
__vector_49                                       /usr/lib/gcc/avr/4.8.2/../../../avr/lib/avr6/crtm2560.o
__vector_5                                        /usr/lib/gcc/avr/4.8.2/../../../avr/lib/avr6/crtm2560.o
__vector_50                                       /usr/lib/gcc/avr/4.8.2/../../../avr/lib/avr6/crtm2560.o
__vector_51                                       /usr/lib/gcc/avr/4.8.2/../../../avr/lib/avr6/crtm2560.o
__vector_52                                       /usr/lib/gcc/avr/4.8.2/../../../avr/lib/avr6/crtm2560.o
__vector_53                                       /usr/lib/gcc/avr/4.8.2/../../../avr/lib/avr6/crtm2560.o
__vector_54                                       /usr/lib/gcc/avr/4.8.2/../../../avr/lib/avr6/crtm2560.o
__vector_55                                       /usr/lib/gcc/avr/4.8.2/../../../avr/lib/avr6/crtm2560.o
__vector_56                                       /usr/lib/gcc/avr/4.8.2/../../../avr/lib/avr6/crtm2560.o
__vector_6                                        /usr/lib/gcc/avr/4.8.2/../../../avr/lib/avr6/crtm2560.o
__vector_7                                        /usr/lib/gcc/avr/4.8.2/../../../avr/lib/avr6/crtm2560.o
__vector_8                                        /usr/lib/gcc/avr/4.8.2/../../../avr/lib/avr6/crtm2560.o
__vector_9                                        /usr/lib/gcc/avr/4.8.2/../../../avr/lib/avr6/crtm2560.o
__vector_default                                  /usr/lib/gcc/avr/4.8.2/../../../avr/lib/avr6/crtm2560.o
__vectors                                         /usr/lib/gcc/avr/4.8.2/../../../avr/lib/avr6/crtm2560.o
_exit                                             /usr/lib/gcc/avr/4.8.2/avr6/libgcc.a(_exit.o)
checkCrc16(unsigned char const*, unsigned int)    ./src/crc16.o
                                                  ./src/core.o
exit                                              /usr/lib/gcc/avr/4.8.2/avr6/libgcc.a(_exit.o)
                                                  /usr/lib/gcc/avr/4.8.2/../../../avr/lib/avr6/crtm2560.o
main                                              ./src/main.o
                                                  /usr/lib/gcc/avr/4.8.2/../../../avr/lib/avr6/crtm2560.o
